// Jest Snapshot v1, https://goo.gl/fbAQLP

exports[`should render NotFoundPage correctly 1`] = `
<div>
  <Layout>
    404 - 
    <Link
      to="/dashboard"
    >
      Go Home
    </Link>
  </Layout>
</div>
`;
