// Jest Snapshot v1, https://goo.gl/fbAQLP

exports[`should render Footer correctly 1`] = `
<footer>
  <p>
    Created by Nigel D. Salvador, Â© 
    2020
  </p>
</footer>
`;
