// Jest Snapshot v1, https://goo.gl/fbAQLP

exports[`should render Layout correctly 1`] = `
<div>
  <Header />
  <Footer />
</div>
`;
